----- run at 2026-09-16 17:45:02 -----
[2026-09-16 12:45 UTC] Sky Watch for 2026-09-16: 8 tracked object(s) passing today.
  Nothing flagged as potentially hazardous. All clear.

Closest pass: (2007 QE3) -- 34.6x the distance to the Moon, estimated 267-597m across, at 65481 km/h.

...and 7 more, in order of distance:
  - (2007 GU4): 54.4x the distance to the Moon
  - (2016 TH10): 60.5x the distance to the Moon
  - (2019 UN1): 114.0x the distance to the Moon
  - (2012 HH8): 137.7x the distance to the Moon
  - 514571 (1996 RY3): 143.5x the distance to the Moon
  ...and 2 more not shown.
----- run at 2026-09-16 17:46:36 -----
[2026-09-16 12:46 UTC] Sky Watch for 2026-09-16: 8 tracked object(s) passing today.
  Nothing flagged as potentially hazardous. All clear.

Closest pass: (2007 QE3) -- 34.6x the distance to the Moon, estimated 267-597m across, at 65481 km/h.

...and 7 more, in order of distance:
  - (2007 GU4): 54.4x the distance to the Moon
  - (2016 TH10): 60.5x the distance to the Moon
  - (2019 UN1): 114.0x the distance to the Moon
  - (2012 HH8): 137.7x the distance to the Moon
  - 514571 (1996 RY3): 143.5x the distance to the Moon
  ...and 2 more not shown.
